RESUME CHECKPOINT FOUND
LAST COMPLETED EPOCH = 142
NEXT EPOCH = 143
ERM | Epoch 143/200 | LR 0.0100 | Train loss 0.0012 | Test acc 94.31 | Error 5.69 | 33.8s
ERM | Epoch 144/200 | LR 0.0100 | Train loss 0.0014 | Test acc 94.43 | Error 5.57 | 30.2s
ERM | Epoch 145/200 | LR 0.0100 | Train loss 0.0012 | Test acc 94.35 | Error 5.65 | 29.8s
ERM | Epoch 146/200 | LR 0.0100 | Train loss 0.0011 | Test acc 94.54 | Error 5.46 | 29.7s
ERM | Epoch 147/200 | LR 0.0100 | Train loss 0.0012 | Test acc 94.53 | Error 5.47 | 29.7s
ERM | Epoch 148/200 | LR 0.0100 | Train loss 0.0011 | Test acc 94.57 | Error 5.43 | 30.4s
ERM | Epoch 149/200 | LR 0.0100 | Train loss 0.0015 | Test acc 94.39 | Error 5.61 | 29.9s
ERM | Epoch 150/200 | LR 0.0100 | Train loss 0.0011 | Test acc 94.44 | Error 5.56 | 29.5s
ERM | Epoch 151/200 | LR 0.0100 | Train loss 0.0010 | Test acc 94.29 | Error 5.71 | 29.7s
ERM | Epoch 152/200 | LR 0.0010 | Train loss 0.0010 | Test acc 94.26 | Error 5.74 | 29.4s
ERM | Epoch 153/200 | LR 0.0010 | Train loss 0.0012 | Test acc 94.33 | Error 5.67 | 30.1s
ERM | Epoch 154/200 | LR 0.0010 | Train loss 0.0009 | Test acc 94.38 | Error 5.62 | 29.3s
ERM | Epoch 155/200 | LR 0.0010 | Train loss 0.0010 | Test acc 94.34 | Error 5.66 | 30.0s
ERM | Epoch 156/200 | LR 0.0010 | Train loss 0.0009 | Test acc 94.32 | Error 5.68 | 29.9s
ERM | Epoch 157/200 | LR 0.0010 | Train loss 0.0010 | Test acc 94.43 | Error 5.57 | 29.5s
ERM | Epoch 158/200 | LR 0.0010 | Train loss 0.0009 | Test acc 94.45 | Error 5.55 | 29.9s
ERM | Epoch 159/200 | LR 0.0010 | Train loss 0.0011 | Test acc 94.44 | Error 5.56 | 30.0s
ERM | Epoch 160/200 | LR 0.0010 | Train loss 0.0009 | Test acc 94.36 | Error 5.64 | 29.9s
ERM | Epoch 161/200 | LR 0.0010 | Train loss 0.0008 | Test acc 94.35 | Error 5.65 | 28.8s
ERM | Epoch 162/200 | LR 0.0010 | Train loss 0.0010 | Test acc 94.44 | Error 5.56 | 28.3s
ERM | Epoch 163/200 | LR 0.0010 | Train loss 0.0008 | Test acc 94.40 | Error 5.60 | 28.9s
ERM | Epoch 164/200 | LR 0.0010 | Train loss 0.0009 | Test acc 94.46 | Error 5.54 | 29.3s
ERM | Epoch 165/200 | LR 0.0010 | Train loss 0.0008 | Test acc 94.39 | Error 5.61 | 30.1s
ERM | Epoch 166/200 | LR 0.0010 | Train loss 0.0009 | Test acc 94.45 | Error 5.55 | 29.8s
ERM | Epoch 167/200 | LR 0.0010 | Train loss 0.0009 | Test acc 94.46 | Error 5.54 | 28.8s
ERM | Epoch 168/200 | LR 0.0010 | Train loss 0.0008 | Test acc 94.51 | Error 5.49 | 28.9s
ERM | Epoch 169/200 | LR 0.0010 | Train loss 0.0007 | Test acc 94.39 | Error 5.61 | 29.0s
ERM | Epoch 170/200 | LR 0.0010 | Train loss 0.0009 | Test acc 94.41 | Error 5.59 | 29.5s
ERM | Epoch 171/200 | LR 0.0010 | Train loss 0.0010 | Test acc 94.35 | Error 5.65 | 29.2s
ERM | Epoch 172/200 | LR 0.0010 | Train loss 0.0008 | Test acc 94.50 | Error 5.50 | 29.2s
ERM | Epoch 173/200 | LR 0.0010 | Train loss 0.0007 | Test acc 94.45 | Error 5.55 | 28.7s
ERM | Epoch 174/200 | LR 0.0010 | Train loss 0.0008 | Test acc 94.48 | Error 5.52 | 29.1s
ERM | Epoch 175/200 | LR 0.0010 | Train loss 0.0007 | Test acc 94.42 | Error 5.58 | 28.7s
ERM | Epoch 176/200 | LR 0.0010 | Train loss 0.0008 | Test acc 94.48 | Error 5.52 | 28.7s
ERM | Epoch 177/200 | LR 0.0010 | Train loss 0.0008 | Test acc 94.44 | Error 5.56 | 28.2s
ERM | Epoch 178/200 | LR 0.0010 | Train loss 0.0009 | Test acc 94.34 | Error 5.66 | 28.3s
ERM | Epoch 179/200 | LR 0.0010 | Train loss 0.0008 | Test acc 94.47 | Error 5.53 | 28.8s
ERM | Epoch 180/200 | LR 0.0010 | Train loss 0.0008 | Test acc 94.49 | Error 5.51 | 30.3s
ERM | Epoch 181/200 | LR 0.0010 | Train loss 0.0008 | Test acc 94.43 | Error 5.57 | 30.0s
ERM | Epoch 182/200 | LR 0.0010 | Train loss 0.0007 | Test acc 94.51 | Error 5.49 | 29.4s
ERM | Epoch 183/200 | LR 0.0010 | Train loss 0.0007 | Test acc 94.45 | Error 5.55 | 28.8s
ERM | Epoch 184/200 | LR 0.0010 | Train loss 0.0008 | Test acc 94.43 | Error 5.57 | 29.0s
ERM | Epoch 185/200 | LR 0.0010 | Train loss 0.0008 | Test acc 94.47 | Error 5.53 | 29.2s
ERM | Epoch 186/200 | LR 0.0010 | Train loss 0.0008 | Test acc 94.40 | Error 5.60 | 29.5s
ERM | Epoch 187/200 | LR 0.0010 | Train loss 0.0008 | Test acc 94.44 | Error 5.56 | 29.6s
ERM | Epoch 188/200 | LR 0.0010 | Train loss 0.0008 | Test acc 94.33 | Error 5.67 | 29.7s
ERM | Epoch 189/200 | LR 0.0010 | Train loss 0.0008 | Test acc 94.46 | Error 5.54 | 29.5s
ERM | Epoch 190/200 | LR 0.0010 | Train loss 0.0009 | Test acc 94.48 | Error 5.52 | 29.7s
ERM | Epoch 191/200 | LR 0.0010 | Train loss 0.0008 | Test acc 94.48 | Error 5.52 | 30.0s
ERM | Epoch 192/200 | LR 0.0010 | Train loss 0.0007 | Test acc 94.44 | Error 5.56 | 29.5s
ERM | Epoch 193/200 | LR 0.0010 | Train loss 0.0007 | Test acc 94.41 | Error 5.59 | 29.3s
ERM | Epoch 194/200 | LR 0.0010 | Train loss 0.0008 | Test acc 94.45 | Error 5.55 | 29.1s
ERM | Epoch 195/200 | LR 0.0010 | Train loss 0.0006 | Test acc 94.39 | Error 5.61 | 28.5s
ERM | Epoch 196/200 | LR 0.0010 | Train loss 0.0008 | Test acc 94.45 | Error 5.55 | 28.7s
ERM | Epoch 197/200 | LR 0.0010 | Train loss 0.0007 | Test acc 94.41 | Error 5.59 | 28.5s
ERM | Epoch 198/200 | LR 0.0010 | Train loss 0.0008 | Test acc 94.47 | Error 5.53 | 28.4s
ERM | Epoch 199/200 | LR 0.0010 | Train loss 0.0008 | Test acc 94.49 | Error 5.51 | 28.5s
ERM | Epoch 200/200 | LR 0.0010 | Train loss 0.0007 | Test acc 94.40 | Error 5.60 | 28.4s
RESULT AUDIT COMPLETE: docs/reproduction_results.md
